17:14:57 **** Incremental Build of configuration Debug for project lab1_real ****
make -j16 all 
arm-none-eabi-gcc "../Core/Src/main.c" -mcpu=cortex-m3 -std=gnu11 -g3 -DDEBUG -DUSE_HAL_DRIVER -DSTM32F103x6 -c -I../Core/Inc -I../Drivers/STM32F1xx_HAL_Driver/Inc -I../Drivers/STM32F1xx_HAL_Driver/Inc/Legacy -I../Drivers/CMSIS/Device/ST/STM32F1xx/Include -I../Drivers/CMSIS/Include -O0 -ffunction-sections -fdata-sections -Wall -fstack-usage -MMD -MP -MF"Core/Src/main.d" -MT"Core/Src/main.o" --specs=nano.specs -mfloat-abi=soft -mthumb -o "Core/Src/main.o"
arm-none-eabi-gcc -o "lab1_real.elf" @"objects.list"   -mcpu=cortex-m3 -T"E:\subject\RTOS\lab1\lab1_real\STM32F103C6UX_FLASH.ld" --specs=nosys.specs -Wl,-Map="lab1_real.map" -Wl,--gc-sections -static --specs=nano.specs -mfloat-abi=soft -mthumb -Wl,--start-group -lc -lm -Wl,--end-group
Finished building target: lab1_real.elf
 
arm-none-eabi-size   lab1_real.elf 
arm-none-eabi-objdump -h -S  lab1_real.elf  > "lab1_real.list"
arm-none-eabi-objcopy  -O ihex  lab1_real.elf  "lab1_real.hex"
   text	   data	    bss	    dec	    hex	filename
   5756	     20	   1572	   7348	   1cb4	lab1_real.elf
arm-none-eabi-objcopy  -O binary  lab1_real.elf  "lab1_real.bin"
Finished building: default.size.stdout
 
Finished building: lab1_real.hex
Finished building: lab1_real.bin
Finished building: lab1_real.list
 
 
 

17:14:58 Build Finished. 0 errors, 0 warnings. (took 593ms)

